###############################################################################
#
# IAR ELF Linker V8.40.2.214/W32 for ARM                  27/Dec/2019  23:21:45
# Copyright 2007-2019 IAR Systems AB.
#
#    Output file  =
#        C:\Users\test\Desktop\Программирование\ASTS
#        Projects\MSTN_IAR_DAC\Debug\Exe\DAC.out
#    Map file     =
#        C:\Users\test\Desktop\Программирование\ASTS
#        Projects\MSTN_IAR_DAC\Debug\List\DAC.map
#    Command line =
#        -f C:\Users\test\AppData\Local\Temp\EW4B15.tmp
#        ("C:\Users\test\Desktop\Программирование\ASTS
#        Projects\MSTN_IAR_DAC\Debug\Obj\main.o"
#        "C:\Users\test\Desktop\Программирование\ASTS
#        Projects\MSTN_IAR_DAC\Debug\Obj\MDR32F9Qx_dac.o"
#        "C:\Users\test\Desktop\Программирование\ASTS
#        Projects\MSTN_IAR_DAC\Debug\Obj\MDR32F9Qx_dma.o"
#        "C:\Users\test\Desktop\Программирование\ASTS
#        Projects\MSTN_IAR_DAC\Debug\Obj\MDR32F9Qx_it.o"
#        "C:\Users\test\Desktop\Программирование\ASTS
#        Projects\MSTN_IAR_DAC\Debug\Obj\MDR32F9Qx_port.o"
#        "C:\Users\test\Desktop\Программирование\ASTS
#        Projects\MSTN_IAR_DAC\Debug\Obj\MDR32F9Qx_rst_clk.o"
#        "C:\Users\test\Desktop\Программирование\ASTS
#        Projects\MSTN_IAR_DAC\Debug\Obj\MDR32F9Qx_timer.o"
#        "C:\Users\test\Desktop\Программирование\ASTS
#        Projects\MSTN_IAR_DAC\Debug\Obj\startup_MDR32F9Qx.o"
#        "C:\Users\test\Desktop\Программирование\ASTS
#        Projects\MSTN_IAR_DAC\Debug\Obj\system_MDR32F9Qx.o" --no_out_extension
#        -o "C:\Users\test\Desktop\Программирование\ASTS
#        Projects\MSTN_IAR_DAC\Debug\Exe\DAC.out" --redirect
#        _Printf=_PrintfFullNoMb --redirect _Scanf=_ScanfFullNoMb --map
#        "C:\Users\test\Desktop\Программирование\ASTS
#        Projects\MSTN_IAR_DAC\Debug\List\DAC.map" --config "C:\Program Files
#        (x86)\IAR Systems\Embedded Workbench
#        8.3\arm\config\linker\Milandr\MDR32F1.icf" --semihosting --entry
#        __iar_program_start --vfe --text_out locale)
#
###############################################################################

*******************************************************************************
*** RUNTIME MODEL ATTRIBUTES
***

CppFlavor       = *
__SystemLibrary = DLib
__dlib_version  = 6


*******************************************************************************
*** HEAP SELECTION
***

The basic heap was selected because some modules are built with
size limitations (and not runtime checking), and --advanced_heap
was not specified.


*******************************************************************************
*** PLACEMENT SUMMARY
***

"A0":  place at address 0x800'0000 { ro section .intvec };
"P1":  place in [from 0x800'0000 to 0x801'ffff] { ro };
define block CSTACK with size = 4K, alignment = 8 { };
define block PROC_STACK with size = 0, alignment = 8 { };
define block HEAP with size = 8K, alignment = 8 { };
"P2":  place in [from 0x2000'0000 to 0x2000'7fff] {
          rw, block CSTACK, block PROC_STACK, block HEAP };
initialize by copy { rw };

  Section            Kind         Address    Size  Object
  -------            ----         -------    ----  ------
"A0":                                        0xc0
  .intvec            ro code   0x800'0000    0xc0  startup_MDR32F9Qx.o [1]
                             - 0x800'00c0    0xc0

"P1":                                       0xb48
  .text              ro code   0x800'00c0   0x1c0  MDR32F9Qx_port.o [1]
  .text              ro code   0x800'0280   0x1bc  MDR32F9Qx_dma.o [1]
  .text              ro code   0x800'043c   0x1b4  main.o [1]
  .text              ro code   0x800'05f0   0x178  MDR32F9Qx_rst_clk.o [1]
  .text              ro code   0x800'0768    0x48  MDR32F9Qx_dac.o [1]
  .text              ro code   0x800'07b0   0x138  MDR32F9Qx_timer.o [1]
  .text              ro code   0x800'08e8    0xd0  system_MDR32F9Qx.o [1]
  .text              ro code   0x800'09b8    0x7a  MDR32F9Qx_it.o [1]
  .text              ro code   0x800'0a32    0x3a  zero_init3.o [3]
  Initializer bytes  const     0x800'0a6c    0x44  <for P2-1>
  .text              ro code   0x800'0ab0    0x2e  copy_init3.o [3]
  .text              ro code   0x800'0ae0    0x28  data_init.o [3]
  .iar.init_table    const     0x800'0b08    0x24  - Linker created -
  .text              ro code   0x800'0b2c    0x1e  cmain.o [3]
  .text              ro code   0x800'0b4a     0x4  low_level_init.o [2]
  .text              ro code   0x800'0b4e     0x4  exit.o [2]
  .text              ro code   0x800'0b54     0xa  cexit.o [3]
  .text              ro code   0x800'0b60    0x14  exit.o [4]
  .text              ro code   0x800'0b74    0x10  startup_MDR32F9Qx.o [1]
  .text              ro code   0x800'0b84     0xc  cstartup_M.o [3]
  .text              ro code   0x800'0b90     0x4  startup_MDR32F9Qx.o [1]
  .text              ro code   0x800'0b94     0x4  startup_MDR32F9Qx.o [1]
  .text              ro code   0x800'0b98     0x4  startup_MDR32F9Qx.o [1]
  .text              ro code   0x800'0b9c     0x4  startup_MDR32F9Qx.o [1]
  .text              ro code   0x800'0ba0     0x4  startup_MDR32F9Qx.o [1]
  .text              ro code   0x800'0ba4     0x4  startup_MDR32F9Qx.o [1]
  .text              ro code   0x800'0ba8     0x4  startup_MDR32F9Qx.o [1]
  .text              ro code   0x800'0bac     0x4  startup_MDR32F9Qx.o [1]
  .text              ro code   0x800'0bb0     0x4  startup_MDR32F9Qx.o [1]
  .text              ro code   0x800'0bb4     0x4  startup_MDR32F9Qx.o [1]
  .text              ro code   0x800'0bb8     0x4  startup_MDR32F9Qx.o [1]
  .text              ro code   0x800'0bbc     0x4  startup_MDR32F9Qx.o [1]
  .text              ro code   0x800'0bc0     0x4  startup_MDR32F9Qx.o [1]
  .text              ro code   0x800'0bc4     0x4  startup_MDR32F9Qx.o [1]
  .text              ro code   0x800'0bc8     0x4  startup_MDR32F9Qx.o [1]
  .text              ro code   0x800'0bcc     0x4  startup_MDR32F9Qx.o [1]
  .text              ro code   0x800'0bd0     0x4  startup_MDR32F9Qx.o [1]
  .text              ro code   0x800'0bd4     0x4  startup_MDR32F9Qx.o [1]
  .text              ro code   0x800'0bd8     0x4  startup_MDR32F9Qx.o [1]
  .text              ro code   0x800'0bdc     0x4  startup_MDR32F9Qx.o [1]
  .text              ro code   0x800'0be0     0x4  startup_MDR32F9Qx.o [1]
  .text              ro code   0x800'0be4     0x4  startup_MDR32F9Qx.o [1]
  .text              ro code   0x800'0be8     0x4  startup_MDR32F9Qx.o [1]
  .text              ro code   0x800'0bec     0x4  startup_MDR32F9Qx.o [1]
  .text              ro code   0x800'0bf0     0x4  startup_MDR32F9Qx.o [1]
  .text              ro code   0x800'0bf4     0x4  startup_MDR32F9Qx.o [1]
  .text              ro code   0x800'0bf8     0x4  startup_MDR32F9Qx.o [1]
  .text              ro code   0x800'0bfc     0x4  startup_MDR32F9Qx.o [1]
  .text              ro code   0x800'0c00     0x4  startup_MDR32F9Qx.o [1]
  .text              ro code   0x800'0c04     0x4  startup_MDR32F9Qx.o [1]
  .rodata            const     0x800'0c08     0x0  zero_init3.o [3]
  .rodata            const     0x800'0c08     0x0  copy_init3.o [3]
                             - 0x800'0c08   0xb48

"P2", part 1 of 3:                           0x44
  P2-1                        0x2000'0000    0x44  <Init block>
    .data            inited   0x2000'0000    0x40  main.o [1]
    .data            inited   0x2000'0040     0x4  system_MDR32F9Qx.o [1]
                            - 0x2000'0044    0x44

"P2", part 2 of 3:                          0x840
  .bss               zero     0x2000'0400   0x400  MDR32F9Qx_dma.o [1]
  .bss               zero     0x2000'0800    0x28  main.o [1]
  .bss               zero     0x2000'0828    0x28  main.o [1]
  .bss               zero     0x2000'0850    0x18  main.o [1]
  .bss               zero     0x2000'0868    0x10  main.o [1]
  .bss               zero     0x2000'0878     0xc  main.o [1]
                            - 0x2000'0884   0x840

"P2", part 3 of 3:                         0x1000
  CSTACK                      0x2000'0888  0x1000  <Block>
    CSTACK           uninit   0x2000'0888  0x1000  <Block tail>
                            - 0x2000'1888  0x1000

Unused ranges:

         From           To      Size
         ----           --      ----
   0x800'0c08   0x801'ffff  0x1'f3f8
  0x2000'0884  0x2000'0887       0x4
  0x2000'1888  0x2000'7fff    0x6778


*******************************************************************************
*** INIT TABLE
***

          Address      Size
          -------      ----
Zero (__iar_zero_init3)
    1 destination range, total size 0x484:
          0x2000'0400  0x484

Copy (__iar_copy_init3)
    1 source range, total size 0x44:
           0x800'0a6c   0x44
    1 destination range, total size 0x44:
          0x2000'0000   0x44



*******************************************************************************
*** MODULE SUMMARY
***

    Module               ro code  ro data  rw data
    ------               -------  -------  -------
command line/config:
    ----------------------------------------------
    Total:

C:\Users\test\Desktop\Программирование\ASTS Projects\MSTN_IAR_DAC\Debug\Obj: [1]
    MDR32F9Qx_dac.o           72
    MDR32F9Qx_dma.o          444             1'024
    MDR32F9Qx_it.o           122
    MDR32F9Qx_port.o         448
    MDR32F9Qx_rst_clk.o      376
    MDR32F9Qx_timer.o        312
    main.o                   436       64      196
    startup_MDR32F9Qx.o      328
    system_MDR32F9Qx.o       208        4        4
    ----------------------------------------------
    Total:                 2'746       68    1'224

dl7M_tln.a: [2]
    exit.o                     4
    low_level_init.o           4
    ----------------------------------------------
    Total:                     8

rt7M_tl.a: [3]
    cexit.o                   10
    cmain.o                   30
    copy_init3.o              46
    cstartup_M.o              12
    data_init.o               40
    zero_init3.o              58
    ----------------------------------------------
    Total:                   196

shb_l.a: [4]
    exit.o                    20
    ----------------------------------------------
    Total:                    20

    Gaps                       6               956
    Linker created                     36    4'096
--------------------------------------------------
    Grand Total:           2'976      104    6'276


*******************************************************************************
*** ENTRY LIST
***

Entry                       Address   Size  Type      Object
-----                       -------   ----  ----      ------
.iar.init_table$$Base    0x800'0b08          --   Gb  - Linker created -
.iar.init_table$$Limit   0x800'0b2c          --   Gb  - Linker created -
?main                    0x800'0b2d         Code  Gb  cmain.o [3]
ADC_IRQHandler           0x800'0a23    0x2  Code  Gb  MDR32F9Qx_it.o [1]
BACKUP_IRQHandler        0x800'0a29    0x2  Code  Gb  MDR32F9Qx_it.o [1]
BusFault_Handler         0x800'09bf    0x2  Code  Gb  MDR32F9Qx_it.o [1]
CAN1_IRQHandler          0x800'09cb    0x2  Code  Gb  MDR32F9Qx_it.o [1]
CAN2_IRQHandler          0x800'09cd    0x2  Code  Gb  MDR32F9Qx_it.o [1]
COMPARATOR_IRQHandler    0x800'0a25    0x2  Code  Gb  MDR32F9Qx_it.o [1]
CSTACK$$Base            0x2000'0888          --   Gb  - Linker created -
CSTACK$$Limit           0x2000'1888          --   Gb  - Linker created -
DAC1_Init                0x800'077d    0xe  Code  Gb  MDR32F9Qx_dac.o [1]
DAC2_Cmd                 0x800'078b   0x18  Code  Gb  MDR32F9Qx_dac.o [1]
DAC_DeInit               0x800'0769   0x14  Code  Gb  MDR32F9Qx_dac.o [1]
DMA_AltCtrlStr          0x2000'0828   0x28  Data  Gb  main.o [1]
DMA_Cmd                  0x800'03df   0x1e  Code  Gb  MDR32F9Qx_dma.o [1]
DMA_ControlTable        0x2000'0400  0x400  Data  Gb  MDR32F9Qx_dma.o [1]
DMA_CtrlDataInit         0x800'0281   0x74  Code  Gb  MDR32F9Qx_dma.o [1]
DMA_DeInit               0x800'02f5   0x32  Code  Gb  MDR32F9Qx_dma.o [1]
DMA_IRQHandler           0x800'09d1   0x30  Code  Gb  MDR32F9Qx_it.o [1]
DMA_Init                 0x800'0327   0x9e  Code  Gb  MDR32F9Qx_dma.o [1]
DMA_InitStr             0x2000'0868   0x10  Data  Gb  main.o [1]
DMA_PriCtrlStr          0x2000'0800   0x28  Data  Gb  main.o [1]
DMA_StructInit           0x800'03c5   0x1a  Code  Gb  MDR32F9Qx_dma.o [1]
DebugMon_Handler         0x800'09c5    0x2  Code  Gb  MDR32F9Qx_it.o [1]
EXT_INT1_IRQHandler      0x800'0a2b    0x2  Code  Gb  MDR32F9Qx_it.o [1]
EXT_INT2_IRQHandler      0x800'0a2d    0x2  Code  Gb  MDR32F9Qx_it.o [1]
EXT_INT3_IRQHandler      0x800'0a2f    0x2  Code  Gb  MDR32F9Qx_it.o [1]
EXT_INT4_IRQHandler      0x800'0a31    0x2  Code  Gb  MDR32F9Qx_it.o [1]
HardFault_Handler        0x800'09bb    0x2  Code  Gb  MDR32F9Qx_it.o [1]
I2C_IRQHandler           0x800'0a17    0x2  Code  Gb  MDR32F9Qx_it.o [1]
MemManage_Handler        0x800'09bd    0x2  Code  Gb  MDR32F9Qx_it.o [1]
NMI_Handler              0x800'09b9    0x2  Code  Gb  MDR32F9Qx_it.o [1]
NVIC_EnableIRQ           0x800'043d   0x14  Code  Lc  main.o [1]
PORT_DeInit              0x800'00c1   0x22  Code  Gb  MDR32F9Qx_port.o [1]
PORT_Init                0x800'00e3  0x19a  Code  Gb  MDR32F9Qx_port.o [1]
PORT_InitStructure      0x2000'0878    0xc  Data  Gb  main.o [1]
POWER_IRQHandler         0x800'0a19    0x2  Code  Gb  MDR32F9Qx_it.o [1]
PendSV_Handler           0x800'09c7    0x2  Code  Gb  MDR32F9Qx_it.o [1]
RST_CLK_CPU_PLLconfig    0x800'06af   0x36  Code  Gb  MDR32F9Qx_rst_clk.o [1]
RST_CLK_CPUclkSelection
                         0x800'06e5    0xe  Code  Gb  MDR32F9Qx_rst_clk.o [1]
RST_CLK_DeInit           0x800'05f1   0x26  Code  Gb  MDR32F9Qx_rst_clk.o [1]
RST_CLK_GetFlagStatus    0x800'070f   0x26  Code  Gb  MDR32F9Qx_rst_clk.o [1]
RST_CLK_HSIcmd           0x800'0671    0xa  Code  Gb  MDR32F9Qx_rst_clk.o [1]
RST_CLK_HSIstatus        0x800'067b   0x34  Code  Gb  MDR32F9Qx_rst_clk.o [1]
RST_CLK_PCLKcmd          0x800'06f3   0x1c  Code  Gb  MDR32F9Qx_rst_clk.o [1]
RST_CLK_WarmDeInit       0x800'0617   0x5a  Code  Gb  MDR32F9Qx_rst_clk.o [1]
Region$$Table$$Base      0x800'0b08          --   Gb  - Linker created -
Region$$Table$$Limit     0x800'0b2c          --   Gb  - Linker created -
SSP1_IRQHandler          0x800'0a15    0x2  Code  Gb  MDR32F9Qx_it.o [1]
SSP2_IRQHandler          0x800'0a27    0x2  Code  Gb  MDR32F9Qx_it.o [1]
SVC_Handler              0x800'09c3    0x2  Code  Gb  MDR32F9Qx_it.o [1]
Sine12bit               0x2000'0000   0x40  Data  Gb  main.o [1]
SysTick_Handler          0x800'09c9    0x2  Code  Gb  MDR32F9Qx_it.o [1]
SystemCoreClock         0x2000'0040    0x4  Data  Gb  system_MDR32F9Qx.o [1]
SystemCoreClockUpdate    0x800'08e9   0x6a  Code  Gb  system_MDR32F9Qx.o [1]
SystemInit               0x800'0953   0x3e  Code  Gb  system_MDR32F9Qx.o [1]
TIMER_BRGInit            0x800'0891   0x46  Code  Gb  MDR32F9Qx_timer.o [1]
TIMER_Cmd                0x800'0867   0x16  Code  Gb  MDR32F9Qx_timer.o [1]
TIMER_CntInit            0x800'0833   0x34  Code  Gb  MDR32F9Qx_timer.o [1]
TIMER_DMACmd             0x800'087d   0x14  Code  Gb  MDR32F9Qx_timer.o [1]
TIMER_DeInit             0x800'07b1   0x82  Code  Gb  MDR32F9Qx_timer.o [1]
Timer1_IRQHandler        0x800'0a1d    0x2  Code  Gb  MDR32F9Qx_it.o [1]
Timer2_IRQHandler        0x800'0a1f    0x2  Code  Gb  MDR32F9Qx_it.o [1]
Timer3_IRQHandler        0x800'0a21    0x2  Code  Gb  MDR32F9Qx_it.o [1]
UART1_IRQHandler         0x800'0a11    0x2  Code  Gb  MDR32F9Qx_it.o [1]
UART2_IRQHandler         0x800'0a13    0x2  Code  Gb  MDR32F9Qx_it.o [1]
USB_IRQHandler           0x800'09cf    0x2  Code  Gb  MDR32F9Qx_it.o [1]
UsageFault_Handler       0x800'09c1    0x2  Code  Gb  MDR32F9Qx_it.o [1]
WWDG_IRQHandler          0x800'0a1b    0x2  Code  Gb  MDR32F9Qx_it.o [1]
__cmain                  0x800'0b2d         Code  Gb  cmain.o [3]
__exit                   0x800'0b61   0x14  Code  Gb  exit.o [4]
__iar_copy_init3         0x800'0ab1   0x2e  Code  Gb  copy_init3.o [3]
__iar_data_init3         0x800'0ae1   0x28  Code  Gb  data_init.o [3]
__iar_program_start      0x800'0b85         Code  Gb  cstartup_M.o [3]
__iar_zero_init3         0x800'0a33   0x3a  Code  Gb  zero_init3.o [3]
__low_level_init         0x800'0b4b    0x4  Code  Gb  low_level_init.o [2]
__vector_table           0x800'0000         Data  Gb  startup_MDR32F9Qx.o [1]
_call_main               0x800'0b39         Code  Gb  cmain.o [3]
_exit                    0x800'0b55         Code  Gb  cexit.o [3]
_main                    0x800'0b47         Code  Gb  cmain.o [3]
exit                     0x800'0b4f    0x4  Code  Gb  exit.o [2]
main                     0x800'0451  0x160  Code  Gb  main.o [1]
sTIM_CntInit            0x2000'0850   0x18  Data  Gb  main.o [1]


[1] = C:\Users\test\Desktop\Программирование\ASTS Projects\MSTN_IAR_DAC\Debug\Obj
[2] = dl7M_tln.a
[3] = rt7M_tl.a
[4] = shb_l.a

  2'976 bytes of readonly  code memory
    104 bytes of readonly  data memory
  6'276 bytes of readwrite data memory

Errors: none
Warnings: none
